Archive member included to satisfy reference by file (symbol)

c:/st/stm32cubeide_1.12.1/stm32cubeide/plugins/com.st.stm32cube.ide.mcu.externaltools.gnu-tools-for-stm32.10.3-2021.10.win32_1.0.200.202301161003/tools/bin/../lib/gcc/arm-none-eabi/10.3.1/../../../../arm-none-eabi/lib/thumb/v7e-m/nofp\libc_nano.a(lib_a-errno.o)
                              ./Src/syscalls.o (__errno)
c:/st/stm32cubeide_1.12.1/stm32cubeide/plugins/com.st.stm32cube.ide.mcu.externaltools.gnu-tools-for-stm32.10.3-2021.10.win32_1.0.200.202301161003/tools/bin/../lib/gcc/arm-none-eabi/10.3.1/../../../../arm-none-eabi/lib/thumb/v7e-m/nofp\libc_nano.a(lib_a-exit.o)
                              c:/st/stm32cubeide_1.12.1/stm32cubeide/plugins/com.st.stm32cube.ide.mcu.externaltools.gnu-tools-for-stm32.10.3-2021.10.win32_1.0.200.202301161003/tools/bin/../lib/gcc/arm-none-eabi/10.3.1/../../../../arm-none-eabi/lib/thumb/v7e-m/nofp/crt0.o (exit)
c:/st/stm32cubeide_1.12.1/stm32cubeide/plugins/com.st.stm32cube.ide.mcu.externaltools.gnu-tools-for-stm32.10.3-2021.10.win32_1.0.200.202301161003/tools/bin/../lib/gcc/arm-none-eabi/10.3.1/../../../../arm-none-eabi/lib/thumb/v7e-m/nofp\libc_nano.a(lib_a-impure.o)
                              c:/st/stm32cubeide_1.12.1/stm32cubeide/plugins/com.st.stm32cube.ide.mcu.externaltools.gnu-tools-for-stm32.10.3-2021.10.win32_1.0.200.202301161003/tools/bin/../lib/gcc/arm-none-eabi/10.3.1/../../../../arm-none-eabi/lib/thumb/v7e-m/nofp\libc_nano.a(lib_a-exit.o) (_global_impure_ptr)
c:/st/stm32cubeide_1.12.1/stm32cubeide/plugins/com.st.stm32cube.ide.mcu.externaltools.gnu-tools-for-stm32.10.3-2021.10.win32_1.0.200.202301161003/tools/bin/../lib/gcc/arm-none-eabi/10.3.1/../../../../arm-none-eabi/lib/thumb/v7e-m/nofp\libc_nano.a(lib_a-init.o)
                              c:/st/stm32cubeide_1.12.1/stm32cubeide/plugins/com.st.stm32cube.ide.mcu.externaltools.gnu-tools-for-stm32.10.3-2021.10.win32_1.0.200.202301161003/tools/bin/../lib/gcc/arm-none-eabi/10.3.1/../../../../arm-none-eabi/lib/thumb/v7e-m/nofp/crt0.o (__libc_init_array)
c:/st/stm32cubeide_1.12.1/stm32cubeide/plugins/com.st.stm32cube.ide.mcu.externaltools.gnu-tools-for-stm32.10.3-2021.10.win32_1.0.200.202301161003/tools/bin/../lib/gcc/arm-none-eabi/10.3.1/../../../../arm-none-eabi/lib/thumb/v7e-m/nofp\libc_nano.a(lib_a-memset.o)
                              c:/st/stm32cubeide_1.12.1/stm32cubeide/plugins/com.st.stm32cube.ide.mcu.externaltools.gnu-tools-for-stm32.10.3-2021.10.win32_1.0.200.202301161003/tools/bin/../lib/gcc/arm-none-eabi/10.3.1/../../../../arm-none-eabi/lib/thumb/v7e-m/nofp/crt0.o (memset)
c:/st/stm32cubeide_1.12.1/stm32cubeide/plugins/com.st.stm32cube.ide.mcu.externaltools.gnu-tools-for-stm32.10.3-2021.10.win32_1.0.200.202301161003/tools/bin/../lib/gcc/arm-none-eabi/10.3.1/../../../../arm-none-eabi/lib/thumb/v7e-m/nofp\libc_nano.a(lib_a-rand.o)
                              ./BM_Drivers/Src/MOVEMENT.o (srand)
c:/st/stm32cubeide_1.12.1/stm32cubeide/plugins/com.st.stm32cube.ide.mcu.externaltools.gnu-tools-for-stm32.10.3-2021.10.win32_1.0.200.202301161003/tools/bin/../lib/gcc/arm-none-eabi/10.3.1/../../../../arm-none-eabi/lib/thumb/v7e-m/nofp\libc_nano.a(lib_a-assert.o)
                              c:/st/stm32cubeide_1.12.1/stm32cubeide/plugins/com.st.stm32cube.ide.mcu.externaltools.gnu-tools-for-stm32.10.3-2021.10.win32_1.0.200.202301161003/tools/bin/../lib/gcc/arm-none-eabi/10.3.1/../../../../arm-none-eabi/lib/thumb/v7e-m/nofp\libc_nano.a(lib_a-rand.o) (__assert_func)
c:/st/stm32cubeide_1.12.1/stm32cubeide/plugins/com.st.stm32cube.ide.mcu.externaltools.gnu-tools-for-stm32.10.3-2021.10.win32_1.0.200.202301161003/tools/bin/../lib/gcc/arm-none-eabi/10.3.1/../../../../arm-none-eabi/lib/thumb/v7e-m/nofp\libc_nano.a(lib_a-fprintf.o)
                              c:/st/stm32cubeide_1.12.1/stm32cubeide/plugins/com.st.stm32cube.ide.mcu.externaltools.gnu-tools-for-stm32.10.3-2021.10.win32_1.0.200.202301161003/tools/bin/../lib/gcc/arm-none-eabi/10.3.1/../../../../arm-none-eabi/lib/thumb/v7e-m/nofp\libc_nano.a(lib_a-assert.o) (fiprintf)
c:/st/stm32cubeide_1.12.1/stm32cubeide/plugins/com.st.stm32cube.ide.mcu.externaltools.gnu-tools-for-stm32.10.3-2021.10.win32_1.0.200.202301161003/tools/bin/../lib/gcc/arm-none-eabi/10.3.1/../../../../arm-none-eabi/lib/thumb/v7e-m/nofp\libc_nano.a(lib_a-malloc.o)
                              c:/st/stm32cubeide_1.12.1/stm32cubeide/plugins/com.st.stm32cube.ide.mcu.externaltools.gnu-tools-for-stm32.10.3-2021.10.win32_1.0.200.202301161003/tools/bin/../lib/gcc/arm-none-eabi/10.3.1/../../../../arm-none-eabi/lib/thumb/v7e-m/nofp\libc_nano.a(lib_a-rand.o) (malloc)
c:/st/stm32cubeide_1.12.1/stm32cubeide/plugins/com.st.stm32cube.ide.mcu.externaltools.gnu-tools-for-stm32.10.3-2021.10.win32_1.0.200.202301161003/tools/bin/../lib/gcc/arm-none-eabi/10.3.1/../../../../arm-none-eabi/lib/thumb/v7e-m/nofp\libc_nano.a(lib_a-nano-freer.o)
[...]
Memory Configuration

Name             Origin             Length             Attributes
RAM              0x0000000020000000 0x0000000000018000 xrw
FLASH            0x0000000008000000 0x0000000000080000 xr
*default*        0x0000000000000000 0xffffffffffffffff

Linker script and memory map

LOAD c:/st/stm32cubeide_1.12.1/stm32cubeide/plugins/com.st.stm32cube.ide.mcu.externaltools.gnu-tools-for-stm32.10.3-2021.10.win32_1.0.200.202301161003/tools/bin/../lib/gcc/arm-none-eabi/10.3.1/thumb/v7e-m/nofp/crti.o
LOAD c:/st/stm32cubeide_1.12.1/stm32cubeide/plugins/com.st.stm32cube.ide.mcu.externaltools.gnu-tools-for-stm32.10.3-2021.10.win32_1.0.200.202301161003/tools/bin/../lib/gcc/arm-none-eabi/10.3.1/thumb/v7e-m/nofp/crtbegin.o
LOAD c:/st/stm32cubeide_1.12.1/stm32cubeide/plugins/com.st.stm32cube.ide.mcu.externaltools.gnu-tools-for-stm32.10.3-2021.10.win32_1.0.200.202301161003/tools/bin/../lib/gcc/arm-none-eabi/10.3.1/../../../../arm-none-eabi/lib/thumb/v7e-m/nofp/crt0.o
LOAD ./BM_Drivers/Src/F401RE_GPIO.o
LOAD ./BM_Drivers/Src/F401RE_RCC.o
LOAD ./BM_Drivers/Src/F401RE_TIMER.o
LOAD ./BM_Drivers/Src/MOVEMENT.o
LOAD ./Src/main.o
LOAD ./Src/syscalls.o
LOAD ./Src/sysmem.o
LOAD ./Startup/startup_stm32f401retx.o
START GROUP
LOAD c:/st/stm32cubeide_1.12.1/stm32cubeide/plugins/com.st.stm32cube.ide.mcu.externaltools.gnu-tools-for-stm32.10.3-2021.10.win32_1.0.200.202301161003/tools/bin/../lib/gcc/arm-none-eabi/10.3.1/../../../../arm-none-eabi/lib/thumb/v7e-m/nofp\libc_nano.a
LOAD c:/st/stm32cubeide_1.12.1/stm32cubeide/plugins/com.st.stm32cube.ide.mcu.externaltools.gnu-tools-for-stm32.10.3-2021.10.win32_1.0.200.202301161003/tools/bin/../lib/gcc/arm-none-eabi/10.3.1/../../../../arm-none-eabi/lib/thumb/v7e-m/nofp\libm.a
END GROUP
START GROUP
LOAD c:/st/stm32cubeide_1.12.1/stm32cubeide/plugins/com.st.stm32cube.ide.mcu.externaltools.gnu-tools-for-stm32.10.3-2021.10.win32_1.0.200.202301161003/tools/bin/../lib/gcc/arm-none-eabi/10.3.1/thumb/v7e-m/nofp\libgcc.a
LOAD c:/st/stm32cubeide_1.12.1/stm32cubeide/plugins/com.st.stm32cube.ide.mcu.externaltools.gnu-tools-for-stm32.10.3-2021.10.win32_1.0.200.202301161003/tools/bin/../lib/gcc/arm-none-eabi/10.3.1/../../../../arm-none-eabi/lib/thumb/v7e-m/nofp\libc_nano.a
END GROUP
START GROUP
LOAD c:/st/stm32cubeide_1.12.1/stm32cubeide/plugins/com.st.stm32cube.ide.mcu.externaltools.gnu-tools-for-stm32.10.3-2021.10.win32_1.0.200.202301161003/tools/bin/../lib/gcc/arm-none-eabi/10.3.1/thumb/v7e-m/nofp\libgcc.a
LOAD c:/st/stm32cubeide_1.12.1/stm32cubeide/plugins/com.st.stm32cube.ide.mcu.externaltools.gnu-tools-for-stm32.10.3-2021.10.win32_1.0.200.202301161003/tools/bin/../lib/gcc/arm-none-eabi/10.3.1/../../../../arm-none-eabi/lib/thumb/v7e-m/nofp\libc_nano.a
LOAD c:/st/stm32cubeide_1.12.1/stm32cubeide/plugins/com.st.stm32cube.ide.mcu.externaltools.gnu-tools-for-stm32.10.3-2021.10.win32_1.0.200.202301161003/tools/bin/../lib/gcc/arm-none-eabi/10.3.1/../../../../arm-none-eabi/lib/thumb/v7e-m/nofp\libnosys.a
END GROUP
START GROUP
LOAD c:/st/stm32cubeide_1.12.1/stm32cubeide/plugins/com.st.stm32cube.ide.mcu.externaltools.gnu-tools-for-stm32.10.3-2021.10.win32_1.0.200.202301161003/tools/bin/../lib/gcc/arm-none-eabi/10.3.1/thumb/v7e-m/nofp\libgcc.a
LOAD c:/st/stm32cubeide_1.12.1/stm32cubeide/plugins/com.st.stm32cube.ide.mcu.externaltools.gnu-tools-for-stm32.10.3-2021.10.win32_1.0.200.202301161003/tools/bin/../lib/gcc/arm-none-eabi/10.3.1/../../../../arm-none-eabi/lib/thumb/v7e-m/nofp\libc_nano.a
LOAD c:/st/stm32cubeide_1.12.1/stm32cubeide/plugins/com.st.stm32cube.ide.mcu.externaltools.gnu-tools-for-stm32.10.3-2021.10.win32_1.0.200.202301161003/tools/bin/../lib/gcc/arm-none-eabi/10.3.1/../../../../arm-none-eabi/lib/thumb/v7e-m/nofp\libnosys.a
END GROUP
LOAD c:/st/stm32cubeide_1.12.1/stm32cubeide/plugins/com.st.stm32cube.ide.mcu.externaltools.gnu-tools-for-stm32.10.3-2021.10.win32_1.0.200.202301161003/tools/bin/../lib/gcc/arm-none-eabi/10.3.1/thumb/v7e-m/nofp/crtend.o
LOAD c:/st/stm32cubeide_1.12.1/stm32cubeide/plugins/com.st.stm32cube.ide.mcu.externaltools.gnu-tools-for-stm32.10.3-2021.10.win32_1.0.200.202301161003/tools/bin/../lib/gcc/arm-none-eabi/10.3.1/thumb/v7e-m/nofp/crtn.o
                0x0000000020018000                _estack = (ORIGIN (RAM) + LENGTH (RAM))
                0x0000000000000200                _Min_Heap_Size = 0x200
                0x0000000000000400                _Min_Stack_Size = 0x400

.isr_vector     0x0000000008000000      0x194
                0x0000000008000000                . = ALIGN (0x4)
 *(.isr_vector)
 .isr_vector    0x0000000008000000      0x194 ./Startup/startup_stm32f401retx.o
                0x0000000008000000                g_pfnVectors
                0x0000000008000194                . = ALIGN (0x4)

.text           0x0000000008000194      0xe44
                0x0000000008000194                . = ALIGN (0x4)
 *(.text)
 .text          0x0000000008000194       0x40 c:/st/stm32cubeide_1.12.1/stm32cubeide/plugins/com.st.stm32cube.ide.mcu.externaltools.gnu-tools-for-stm32.10.3-2021.10.win32_1.0.200.202301161003/tools/bin/../lib/gcc/arm-none-eabi/10.3.1/thumb/v7e-m/nofp/crtbegin.o
 .text          0x00000000080001d4      0x21c c:/st/stm32cubeide_1.12.1/stm32cubeide/plugins/com.st.stm32cube.ide.mcu.externaltools.gnu-tools-for-stm32.10.3-2021.10.win32_1.0.200.202301161003/tools/bin/../lib/gcc/arm-none-eabi/10.3.1/thumb/v7e-m/nofp\libgcc.a(_arm_addsubsf3.o)
                0x00000000080001d4                __aeabi_frsub
                0x00000000080001dc                __subsf3
                0x00000000080001dc                __aeabi_fsub
                0x00000000080001e0                __aeabi_fadd
                0x00000000080001e0                __addsf3
                0x0000000008000340                __aeabi_ui2f
                0x0000000008000340                __floatunsisf
                0x0000000008000348                __aeabi_i2f
                0x0000000008000348                __floatsisf
                0x0000000008000364                __aeabi_ul2f
                0x0000000008000364                __floatundisf
                0x0000000008000374                __aeabi_l2f
                0x0000000008000374                __floatdisf
 .text          0x00000000080003f0      0x2a0 c:/st/stm32cubeide_1.12.1/stm32cubeide/plugins/com.st.stm32cube.ide.mcu.externaltools.gnu-tools-for-stm32.10.3-2021.10.win32_1.0.200.202301161003/tools/bin/../lib/gcc/arm-none-eabi/10.3.1/thumb/v7e-m/nofp\libgcc.a(_arm_muldivsf3.o)
                0x00000000080003f0                __mulsf3
                0x00000000080003f0                __aeabi_fmul
                0x0000000008000558                __aeabi_fdiv
                0x0000000008000558                __divsf3
 .text          0x0000000008000690       0x40 c:/st/stm32cubeide_1.12.1/stm32cubeide/plugins/com.st.stm32cube.ide.mcu.externaltools.gnu-tools-for-stm32.10.3-2021.10.win32_1.0.200.202301161003/tools/bin/../lib/gcc/arm-none-eabi/10.3.1/thumb/v7e-m/nofp\libgcc.a(_arm_fixunssfsi.o)
                0x0000000008000690                __fixunssfsi
                0x0000000008000690                __aeabi_f2uiz
 *(.text*)
 .text.GPIO_PeriClockControl
                0x00000000080006d0      0x140 ./BM_Drivers/Src/F401RE_GPIO.o
                0x00000000080006d0                GPIO_PeriClockControl
 .text.GPIO_Init
                0x0000000008000810      0x190 ./BM_Drivers/Src/F401RE_GPIO.o
                0x0000000008000810                GPIO_Init
 .text.RCC_Clock_Config
                0x00000000080009a0      0x13e ./BM_Drivers/Src/F401RE_RCC.o
                0x00000000080009a0                RCC_Clock_Config
 *fill*         0x0000000008000ade        0x2 
 .text.GP_TIM_PWM_INIT
                0x0000000008000ae0      0x24c ./BM_Drivers/Src/F401RE_TIMER.o
                0x0000000008000ae0                GP_TIM_PWM_INIT
 .text.GP_TIM_PWM_Start
                0x0000000008000d2c       0x7c ./BM_Drivers/Src/F401RE_TIMER.o
                0x0000000008000d2c                GP_TIM_PWM_Start
 .text.main     0x0000000008000da8      0x17c ./Src/main.o
                0x0000000008000da8                main
 .text.Reset_Handler
                0x0000000008000f24       0x50 ./Startup/startup_stm32f401retx.o
                0x0000000008000f24                Reset_Handler
 .text.Default_Handler
                0x0000000008000f74        0x2 ./Startup/startup_stm32f401retx.o
                0x0000000008000f74                EXTI2_IRQHandler
                0x0000000008000f74                DebugMon_Handler
                0x0000000008000f74                SPI4_IRQHandler
                0x0000000008000f74                TIM1_CC_IRQHandler
                0x0000000008000f74                DMA2_Stream5_IRQHandler
                0x0000000008000f74                HardFault_Handler
                0x0000000008000f74                DMA1_Stream5_IRQHandler
                0x0000000008000f74                SysTick_Handler
                0x0000000008000f74                SDIO_IRQHandler
                0x0000000008000f74                TAMP_STAMP_IRQHandler
                0x0000000008000f74                PendSV_Handler
                0x0000000008000f74                NMI_Handler
                0x0000000008000f74                EXTI3_IRQHandler
                0x0000000008000f74                TIM1_UP_TIM10_IRQHandler
                0x0000000008000f74                I2C3_ER_IRQHandler
                0x0000000008000f74                EXTI18_OTG_FS_WKUP_IRQHandler
                0x0000000008000f74                EXTI0_IRQHandler
                0x0000000008000f74                I2C2_EV_IRQHandler
                0x0000000008000f74                DMA1_Stream2_IRQHandler
                0x0000000008000f74                UsageFault_Handler
                0x0000000008000f74                DMA2_Stream2_IRQHandler
                0x0000000008000f74                SPI1_IRQHandler
                0x0000000008000f74                TIM1_BRK_TIM9_IRQHandler
                0x0000000008000f74                DMA2_Stream3_IRQHandler
                0x0000000008000f74                USART6_IRQHandler
                0x0000000008000f74                DMA2_Stream0_IRQHandler
                0x0000000008000f74                TIM4_IRQHandler
                0x0000000008000f74                I2C1_EV_IRQHandler
                0x0000000008000f74                DMA1_Stream6_IRQHandler
                0x0000000008000f74                DMA1_Stream1_IRQHandler
                0x0000000008000f74                TIM3_IRQHandler
                0x0000000008000f74                RCC_IRQHandler
                0x0000000008000f74                Default_Handler
                0x0000000008000f74                EXTI15_10_IRQHandler
                0x0000000008000f74                ADC_IRQHandler
                0x0000000008000f74                DMA1_Stream7_IRQHandler
                0x0000000008000f74                TIM5_IRQHandler
                0x0000000008000f74                DMA2_Stream7_IRQHandler
                0x0000000008000f74                I2C3_EV_IRQHandler
                0x0000000008000f74                EXTI9_5_IRQHandler
                0x0000000008000f74                SPI2_IRQHandler
                0x0000000008000f74                MemManage_Handler
                0x0000000008000f74                DMA1_Stream0_IRQHandler
                0x0000000008000f74                SVC_Handler
                0x0000000008000f74                EXTI4_IRQHandler
                0x0000000008000f74                EXTI22_RTC_WKUP_IRQHandler
                0x0000000008000f74                TIM2_IRQHandler
                0x0000000008000f74                EXTI16_PVD_IRQHandler
                0x0000000008000f74                TIM1_TRG_COM_TIM11_IRQHandler
                0x0000000008000f74                EXTI1_IRQHandler
                0x0000000008000f74                EXTI17_RTC_Alarm_IRQHandler
                0x0000000008000f74                USART2_IRQHandler
                0x0000000008000f74                I2C2_ER_IRQHandler
                0x0000000008000f74                DMA2_Stream1_IRQHandler
                0x0000000008000f74                FLASH_IRQHandler
                0x0000000008000f74                DMA2_Stream4_IRQHandler
                0x0000000008000f74                BusFault_Handler
                0x0000000008000f74                USART1_IRQHandler
                0x0000000008000f74                OTG_FS_IRQHandler
                0x0000000008000f74                SPI3_IRQHandler
                0x0000000008000f74                DMA1_Stream4_IRQHandler
                0x0000000008000f74                I2C1_ER_IRQHandler
                0x0000000008000f74                DMA2_Stream6_IRQHandler
                0x0000000008000f74                DMA1_Stream3_IRQHandler
 *fill*         0x0000000008000f76        0x2 
 .text.__libc_init_array
                0x0000000008000f78       0x48 c:/st/stm32cubeide_1.12.1/stm32cubeide/plugins/com.st.stm32cube.ide.mcu.externaltools.gnu-tools-for-stm32.10.3-2021.10.win32_1.0.200.202301161003/tools/bin/../lib/gcc/arm-none-eabi/10.3.1/../../../../arm-none-eabi/lib/thumb/v7e-m/nofp\libc_nano.a(lib_a-init.o)
                0x0000000008000f78                __libc_init_array
 *(.glue_7)
 .glue_7        0x0000000008000fc0        0x0 linker stubs
 *(.glue_7t)
 .glue_7t       0x0000000008000fc0        0x0 linker stubs
 *(.eh_frame)
 .eh_frame      0x0000000008000fc0        0x0 c:/st/stm32cubeide_1.12.1/stm32cubeide/plugins/com.st.stm32cube.ide.mcu.externaltools.gnu-tools-for-stm32.10.3-2021.10.win32_1.0.200.202301161003/tools/bin/../lib/gcc/arm-none-eabi/10.3.1/thumb/v7e-m/nofp/crtbegin.o
 *(.init)
 .init          0x0000000008000fc0        0x4 c:/st/stm32cubeide_1.12.1/stm32cubeide/plugins/com.st.stm32cube.ide.mcu.externaltools.gnu-tools-for-stm32.10.3-2021.10.win32_1.0.200.202301161003/tools/bin/../lib/gcc/arm-none-eabi/10.3.1/thumb/v7e-m/nofp/crti.o
                0x0000000008000fc0                _init
 .init          0x0000000008000fc4        0x8 c:/st/stm32cubeide_1.12.1/stm32cubeide/plugins/com.st.stm32cube.ide.mcu.externaltools.gnu-tools-for-stm32.10.3-2021.10.win32_1.0.200.202301161003/tools/bin/../lib/gcc/arm-none-eabi/10.3.1/thumb/v7e-m/nofp/crtn.o
 *(.fini)
 .fini          0x0000000008000fcc        0x4 c:/st/stm32cubeide_1.12.1/stm32cubeide/plugins/com.st.stm32cube.ide.mcu.externaltools.gnu-tools-for-stm32.10.3-2021.10.win32_1.0.200.202301161003/tools/bin/../lib/gcc/arm-none-eabi/10.3.1/thumb/v7e-m/nofp/crti.o
                0x0000000008000fcc                _fini
 .fini          0x0000000008000fd0        0x8 c:/st/stm32cubeide_1.12.1/stm32cubeide/plugins/com.st.stm32cube.ide.mcu.externaltools.gnu-tools-for-stm32.10.3-2021.10.win32_1.0.200.202301161003/tools/bin/../lib/gcc/arm-none-eabi/10.3.1/thumb/v7e-m/nofp/crtn.o
                0x0000000008000fd8                . = ALIGN (0x4)
                0x0000000008000fd8                _etext = .

.vfp11_veneer   0x0000000008000fd8        0x0
 .vfp11_veneer  0x0000000008000fd8        0x0 linker stubs

.v4_bx          0x0000000008000fd8        0x0
 .v4_bx         0x0000000008000fd8        0x0 linker stubs

.iplt           0x0000000008000fd8        0x0
 .iplt          0x0000000008000fd8        0x0 c:/st/stm32cubeide_1.12.1/stm32cubeide/plugins/com.st.stm32cube.ide.mcu.externaltools.gnu-tools-for-stm32.10.3-2021.10.win32_1.0.200.202301161003/tools/bin/../lib/gcc/arm-none-eabi/10.3.1/thumb/v7e-m/nofp/crtbegin.o

.rel.dyn        0x0000000008000fd8        0x0
 .rel.iplt      0x0000000008000fd8        0x0 c:/st/stm32cubeide_1.12.1/stm32cubeide/plugins/com.st.stm32cube.ide.mcu.externaltools.gnu-tools-for-stm32.10.3-2021.10.win32_1.0.200.202301161003/tools/bin/../lib/gcc/arm-none-eabi/10.3.1/thumb/v7e-m/nofp/crtbegin.o

.rodata         0x0000000008000fd8        0x0
                0x0000000008000fd8                . = ALIGN (0x4)
 *(.rodata)
 *(.rodata*)
                0x0000000008000fd8                . = ALIGN (0x4)

.ARM.extab      0x0000000008000fd8        0x0
                0x0000000008000fd8                . = ALIGN (0x4)
 *(.ARM.extab* .gnu.linkonce.armextab.*)
                0x0000000008000fd8                . = ALIGN (0x4)

.ARM            0x0000000008000fd8        0x0
                0x0000000008000fd8                . = ALIGN (0x4)
                0x0000000008000fd8                __exidx_start = .
 *(.ARM.exidx*)
                0x0000000008000fd8                __exidx_end = .
                0x0000000008000fd8                . = ALIGN (0x4)

.preinit_array  0x0000000008000fd8        0x0
                0x0000000008000fd8                . = ALIGN (0x4)
                0x0000000008000fd8                PROVIDE (__preinit_array_start = .)
 *(.preinit_array*)
                0x0000000008000fd8                PROVIDE (__preinit_array_end = .)
                0x0000000008000fd8                . = ALIGN (0x4)

.init_array     0x0000000008000fd8        0x4
                0x0000000008000fd8                . = ALIGN (0x4)
                0x0000000008000fd8                PROVIDE (__init_array_start = .)
 *(SORT_BY_NAME(.init_array.*))
 *(.init_array*)
 .init_array    0x0000000008000fd8        0x4 c:/st/stm32cubeide_1.12.1/stm32cubeide/plugins/com.st.stm32cube.ide.mcu.externaltools.gnu-tools-for-stm32.10.3-2021.10.win32_1.0.200.202301161003/tools/bin/../lib/gcc/arm-none-eabi/10.3.1/thumb/v7e-m/nofp/crtbegin.o
                0x0000000008000fdc                PROVIDE (__init_array_end = .)
                0x0000000008000fdc                . = ALIGN (0x4)

.fini_array     0x0000000008000fdc        0x4
                0x0000000008000fdc                . = ALIGN (0x4)
                [!provide]                        PROVIDE (__fini_array_start = .)
 *(SORT_BY_NAME(.fini_array.*))
 *(.fini_array*)
 .fini_array    0x0000000008000fdc        0x4 c:/st/stm32cubeide_1.12.1/stm32cubeide/plugins/com.st.stm32cube.ide.mcu.externaltools.gnu-tools-for-stm32.10.3-2021.10.win32_1.0.200.202301161003/tools/bin/../lib/gcc/arm-none-eabi/10.3.1/thumb/v7e-m/nofp/crtbegin.o
                [!provide]                        PROVIDE (__fini_array_end = .)
                0x0000000008000fe0                . = ALIGN (0x4)
                0x0000000008000fe0                _sidata = LOADADDR (.data)

.data           0x0000000020000000        0x0 load address 0x0000000008000fe0
                0x0000000020000000                . = ALIGN (0x4)
                0x0000000020000000                _sdata = .
 *(.data)
 *(.data*)
 *(.RamFunc)
 *(.RamFunc*)
                0x0000000020000000                . = ALIGN (0x4)
                0x0000000020000000                _edata = .

.igot.plt       0x0000000020000000        0x0 load address 0x0000000008000fe0
 .igot.plt      0x0000000020000000        0x0 c:/st/stm32cubeide_1.12.1/stm32cubeide/plugins/com.st.stm32cube.ide.mcu.externaltools.gnu-tools-for-stm32.10.3-2021.10.win32_1.0.200.202301161003/tools/bin/../lib/gcc/arm-none-eabi/10.3.1/thumb/v7e-m/nofp/crtbegin.o
                0x0000000020000000                . = ALIGN (0x4)

.bss            0x0000000020000000       0x1c load address 0x0000000008000fe0
                0x0000000020000000                _sbss = .
                0x0000000020000000                __bss_start__ = _sbss
 *(.bss)
 .bss           0x0000000020000000       0x1c c:/st/stm32cubeide_1.12.1/stm32cubeide/plugins/com.st.stm32cube.ide.mcu.externaltools.gnu-tools-for-stm32.10.3-2021.10.win32_1.0.200.202301161003/tools/bin/../lib/gcc/arm-none-eabi/10.3.1/thumb/v7e-m/nofp/crtbegin.o
 *(.bss*)
 *(COMMON)
                0x000000002000001c                . = ALIGN (0x4)
                0x000000002000001c                _ebss = .
                0x000000002000001c                __bss_end__ = _ebss

._user_heap_stack
                0x000000002000001c      0x604 load address 0x0000000008000fe0
                0x0000000020000020                . = ALIGN (0x8)
 *fill*         0x000000002000001c        0x4 
                [!provide]                        PROVIDE (end = .)
                0x0000000020000020                PROVIDE (_end = .)
                0x0000000020000220                . = (. + _Min_Heap_Size)
 *fill*         0x0000000020000020      0x200 
                0x0000000020000620                . = (. + _Min_Stack_Size)
 *fill*         0x0000000020000220      0x400 
                0x0000000020000620                . = ALIGN (0x8)

/DISCARD/
 libc.a(*)
 libm.a(*)
 libgcc.a(*)

.ARM.attributes
                0x0000000000000000       0x2a
 *(.ARM.attributes)
 .ARM.attributes
                0x0000000000000000       0x1e c:/st/stm32cubeide_1.12.1/stm32cubeide/plugins/com.st.stm32cube.ide.mcu.externaltools.gnu-tools-for-stm32.10.3-2021.10.win32_1.0.200.202301161003/tools/bin/../lib/gcc/arm-none-eabi/10.3.1/thumb/v7e-m/nofp/crti.o
 .ARM.attributes
                0x000000000000001e       0x2e c:/st/stm32cubeide_1.12.1/stm32cubeide/plugins/com.st.stm32cube.ide.mcu.externaltools.gnu-tools-for-stm32.10.3-2021.10.win32_1.0.200.202301161003/tools/bin/../lib/gcc/arm-none-eabi/10.3.1/thumb/v7e-m/nofp/crtbegin.o
 .ARM.attributes
                0x000000000000004c       0x2e ./BM_Drivers/Src/F401RE_GPIO.o
 .ARM.attributes
                0x000000000000007a       0x2e ./BM_Drivers/Src/F401RE_RCC.o
 .ARM.attributes
                0x00000000000000a8       0x2e ./BM_Drivers/Src/F401RE_TIMER.o
 .ARM.attributes
                0x00000000000000d6       0x2e ./Src/main.o
 .ARM.attributes
                0x0000000000000104       0x21 ./Startup/startup_stm32f401retx.o
 .ARM.attributes
                0x0000000000000125       0x2e c:/st/stm32cubeide_1.12.1/stm32cubeide/plugins/com.st.stm32cube.ide.mcu.externaltools.gnu-tools-for-stm32.10.3-2021.10.win32_1.0.200.202301161003/tools/bin/../lib/gcc/arm-none-eabi/10.3.1/../../../../arm-none-eabi/lib/thumb/v7e-m/nofp\libc_nano.a(lib_a-init.o)
 .ARM.attributes
                0x0000000000000153       0x1e c:/st/stm32cubeide_1.12.1/stm32cubeide/plugins/com.st.stm32cube.ide.mcu.externaltools.gnu-tools-for-stm32.10.3-2021.10.win32_1.0.200.202301161003/tools/bin/../lib/gcc/arm-none-eabi/10.3.1/thumb/v7e-m/nofp\libgcc.a(_arm_addsubsf3.o)
 .ARM.attributes
                0x0000000000000171       0x1e c:/st/stm32cubeide_1.12.1/stm32cubeide/plugins/com.st.stm32cube.ide.mcu.externaltools.gnu-tools-for-stm32.10.3-2021.10.win32_1.0.200.202301161003/tools/bin/../lib/gcc/arm-none-eabi/10.3.1/thumb/v7e-m/nofp\libgcc.a(_arm_muldivsf3.o)
 .ARM.attributes
                0x000000000000018f       0x1e c:/st/stm32cubeide_1.12.1/stm32cubeide/plugins/com.st.stm32cube.ide.mcu.externaltools.gnu-tools-for-stm32.10.3-2021.10.win32_1.0.200.202301161003/tools/bin/../lib/gcc/arm-none-eabi/10.3.1/thumb/v7e-m/nofp\libgcc.a(_arm_fixunssfsi.o)
 .ARM.attributes
                0x00000000000001ad       0x1e c:/st/stm32cubeide_1.12.1/stm32cubeide/plugins/com.st.stm32cube.ide.mcu.externaltools.gnu-tools-for-stm32.10.3-2021.10.win32_1.0.200.202301161003/tools/bin/../lib/gcc/arm-none-eabi/10.3.1/thumb/v7e-m/nofp/crtn.o
OUTPUT(BM_Playground.elf elf32-littlearm)
LOAD linker stubs
LOAD c:/st/stm32cubeide_1.12.1/stm32cubeide/plugins/com.st.stm32cube.ide.mcu.externaltools.gnu-tools-for-stm32.10.3-2021.10.win32_1.0.200.202301161003/tools/bin/../lib/gcc/arm-none-eabi/10.3.1/../../../../arm-none-eabi/lib/thumb/v7e-m/nofp\libc.a
LOAD c:/st/stm32cubeide_1.12.1/stm32cubeide/plugins/com.st.stm32cube.ide.mcu.externaltools.gnu-tools-for-stm32.10.3-2021.10.win32_1.0.200.202301161003/tools/bin/../lib/gcc/arm-none-eabi/10.3.1/../../../../arm-none-eabi/lib/thumb/v7e-m/nofp\libm.a
LOAD c:/st/stm32cubeide_1.12.1/stm32cubeide/plugins/com.st.stm32cube.ide.mcu.externaltools.gnu-tools-for-stm32.10.3-2021.10.win32_1.0.200.202301161003/tools/bin/../lib/gcc/arm-none-eabi/10.3.1/thumb/v7e-m/nofp\libgcc.a

.debug_info     0x0000000000000000     0x1538
 .debug_info    0x0000000000000000      0x46e ./BM_Drivers/Src/F401RE_GPIO.o
 .debug_info    0x000000000000046e      0x35e ./BM_Drivers/Src/F401RE_RCC.o
 .debug_info    0x00000000000007cc      0x56e ./BM_Drivers/Src/F401RE_TIMER.o
 .debug_info    0x0000000000000d3a      0x7dc ./Src/main.o
 .debug_info    0x0000000000001516       0x22 ./Startup/startup_stm32f401retx.o

.debug_abbrev   0x0000000000000000      0x419
 .debug_abbrev  0x0000000000000000      0x10c ./BM_Drivers/Src/F401RE_GPIO.o
 .debug_abbrev  0x000000000000010c       0xe1 ./BM_Drivers/Src/F401RE_RCC.o
 .debug_abbrev  0x00000000000001ed      0x11d ./BM_Drivers/Src/F401RE_TIMER.o
 .debug_abbrev  0x000000000000030a       0xfd ./Src/main.o
 .debug_abbrev  0x0000000000000407       0x12 ./Startup/startup_stm32f401retx.o

.debug_aranges  0x0000000000000000       0xd0
 .debug_aranges
                0x0000000000000000       0x38 ./BM_Drivers/Src/F401RE_GPIO.o
 .debug_aranges
                0x0000000000000038       0x20 ./BM_Drivers/Src/F401RE_RCC.o
 .debug_aranges
                0x0000000000000058       0x30 ./BM_Drivers/Src/F401RE_TIMER.o
 .debug_aranges
                0x0000000000000088       0x20 ./Src/main.o
 .debug_aranges
                0x00000000000000a8       0x28 ./Startup/startup_stm32f401retx.o

.debug_ranges   0x0000000000000000       0x88
 .debug_ranges  0x0000000000000000       0x28 ./BM_Drivers/Src/F401RE_GPIO.o
 .debug_ranges  0x0000000000000028       0x10 ./BM_Drivers/Src/F401RE_RCC.o
 .debug_ranges  0x0000000000000038       0x20 ./BM_Drivers/Src/F401RE_TIMER.o
 .debug_ranges  0x0000000000000058       0x10 ./Src/main.o
 .debug_ranges  0x0000000000000068       0x20 ./Startup/startup_stm32f401retx.o

.debug_macro    0x0000000000000000     0x1619
 .debug_macro   0x0000000000000000       0x81 ./BM_Drivers/Src/F401RE_GPIO.o
 .debug_macro   0x0000000000000081      0xa78 ./BM_Drivers/Src/F401RE_GPIO.o
 .debug_macro   0x0000000000000af9       0x22 ./BM_Drivers/Src/F401RE_GPIO.o
 .debug_macro   0x0000000000000b1b       0x8e ./BM_Drivers/Src/F401RE_GPIO.o
 .debug_macro   0x0000000000000ba9       0x51 ./BM_Drivers/Src/F401RE_GPIO.o
 .debug_macro   0x0000000000000bfa      0x103 ./BM_Drivers/Src/F401RE_GPIO.o
 .debug_macro   0x0000000000000cfd       0x6a ./BM_Drivers/Src/F401RE_GPIO.o
 .debug_macro   0x0000000000000d67      0x1df ./BM_Drivers/Src/F401RE_GPIO.o
 .debug_macro   0x0000000000000f46      0x110 ./BM_Drivers/Src/F401RE_GPIO.o
 .debug_macro   0x0000000000001056      0x130 ./BM_Drivers/Src/F401RE_GPIO.o
 .debug_macro   0x0000000000001186       0x81 ./BM_Drivers/Src/F401RE_RCC.o
 .debug_macro   0x0000000000001207       0x52 ./BM_Drivers/Src/F401RE_RCC.o
 .debug_macro   0x0000000000001259       0x90 ./BM_Drivers/Src/F401RE_TIMER.o
 .debug_macro   0x00000000000012e9       0x4c ./BM_Drivers/Src/F401RE_TIMER.o
 .debug_macro   0x0000000000001335      0x176 ./Src/main.o
 .debug_macro   0x00000000000014ab      0x116 ./Src/main.o
 .debug_macro   0x00000000000015c1       0x58 ./Src/main.o

.debug_line     0x0000000000000000     0x187e
 .debug_line    0x0000000000000000      0x617 ./BM_Drivers/Src/F401RE_GPIO.o
 .debug_line    0x0000000000000617      0x545 ./BM_Drivers/Src/F401RE_RCC.o
 .debug_line    0x0000000000000b5c      0x68c ./BM_Drivers/Src/F401RE_TIMER.o
 .debug_line    0x00000000000011e8      0x612 ./Src/main.o
 .debug_line    0x00000000000017fa       0x84 ./Startup/startup_stm32f401retx.o

.debug_str      0x0000000000000000     0x7f70
 .debug_str     0x0000000000000000     0x4919 ./BM_Drivers/Src/F401RE_GPIO.o
                                       0x4a99 (size before relaxing)
 .debug_str     0x0000000000004919      0x203 ./BM_Drivers/Src/F401RE_RCC.o
                                       0x44da (size before relaxing)
 .debug_str     0x0000000000004b1c      0x294 ./BM_Drivers/Src/F401RE_TIMER.o
                                       0x4bde (size before relaxing)
 .debug_str     0x0000000000004db0     0x318f ./Src/main.o
                                       0x803b (size before relaxing)
 .debug_str     0x0000000000007f3f       0x31 ./Startup/startup_stm32f401retx.o
                                         0x6a (size before relaxing)

.comment        0x0000000000000000       0x50
 .comment       0x0000000000000000       0x50 ./BM_Drivers/Src/F401RE_GPIO.o
                                         0x51 (size before relaxing)
 .comment       0x0000000000000050       0x51 ./BM_Drivers/Src/F401RE_RCC.o
 .comment       0x0000000000000050       0x51 ./BM_Drivers/Src/F401RE_TIMER.o
 .comment       0x0000000000000050       0x51 ./Src/main.o

.debug_frame    0x0000000000000000      0x274
 .debug_frame   0x0000000000000000       0xac ./BM_Drivers/Src/F401RE_GPIO.o
 .debug_frame   0x00000000000000ac       0x38 ./BM_Drivers/Src/F401RE_RCC.o
 .debug_frame   0x00000000000000e4       0x88 ./BM_Drivers/Src/F401RE_TIMER.o
 .debug_frame   0x000000000000016c       0x34 ./Src/main.o
 .debug_frame   0x00000000000001a0       0x2c c:/st/stm32cubeide_1.12.1/stm32cubeide/plugins/com.st.stm32cube.ide.mcu.externaltools.gnu-tools-for-stm32.10.3-2021.10.win32_1.0.200.202301161003/tools/bin/../lib/gcc/arm-none-eabi/10.3.1/../../../../arm-none-eabi/lib/thumb/v7e-m/nofp\libc_nano.a(lib_a-init.o)
 .debug_frame   0x00000000000001cc       0x4c c:/st/stm32cubeide_1.12.1/stm32cubeide/plugins/com.st.stm32cube.ide.mcu.externaltools.gnu-tools-for-stm32.10.3-2021.10.win32_1.0.200.202301161003/tools/bin/../lib/gcc/arm-none-eabi/10.3.1/thumb/v7e-m/nofp\libgcc.a(_arm_addsubsf3.o)
 .debug_frame   0x0000000000000218       0x38 c:/st/stm32cubeide_1.12.1/stm32cubeide/plugins/com.st.stm32cube.ide.mcu.externaltools.gnu-tools-for-stm32.10.3-2021.10.win32_1.0.200.202301161003/tools/bin/../lib/gcc/arm-none-eabi/10.3.1/thumb/v7e-m/nofp\libgcc.a(_arm_muldivsf3.o)
 .debug_frame   0x0000000000000250       0x24 c:/st/stm32cubeide_1.12.1/stm32cubeide/plugins/com.st.stm32cube.ide.mcu.externaltools.gnu-tools-for-stm32.10.3-2021.10.win32_1.0.200.202301161003/tools/bin/../lib/gcc/arm-none-eabi/10.3.1/thumb/v7e-m/nofp\libgcc.a(_arm_fixunssfsi.o)
