../BM_Drivers/Src/SPI.c:26:16:MPU6500_Read_WhoAmI	16	static
../BM_Drivers/Src/SPI.c:45:6:SPI_PeriClockControl	16	static
../BM_Drivers/Src/SPI.c:60:6:SPI_PeripheralControl	16	static
../BM_Drivers/Src/SPI.c:75:6:SPI_Init	24	static
../BM_Drivers/Src/SPI.c:130:6:SPI_DeInit	16	static
../BM_Drivers/Src/SPI.c:135:9:SPI_GetFlagStatus	16	static
../BM_Drivers/Src/SPI.c:146:6:SPI_SendData	24	static
../BM_Drivers/Src/SPI.c:170:6:SPI_ReceiveData	24	static
../BM_Drivers/Src/SPI.c:198:7:SPI_SSIConfig	16	static
../BM_Drivers/Src/SPI.c:213:7:SPI_SSOEConfig	16	static
../BM_Drivers/Src/SPI.c:230:6:SPI_CloseTransmisson	16	static
../BM_Drivers/Src/SPI.c:239:6:SPI_CloseReception	16	static
../BM_Drivers/Src/SPI.c:250:6:SPI_ClearOVRFlag	24	static
../BM_Drivers/Src/SPI.c:260:6:MPU6500_WriteReg	24	static
../BM_Drivers/Src/SPI.c:271:9:MPU6500_ReadReg	24	static
../BM_Drivers/Src/SPI.c:290:6:SPI_TransferData	24	static
../BM_Drivers/Src/SPI.c:326:13:MPU6500_ReadMultiReg_SPI	24	static
../BM_Drivers/Src/SPI.c:344:7:MPU6500_Read_GyroZ_DPS	16	static
../BM_Drivers/Src/SPI.c:352:7:MPU6500_Read_AccelX_G	24	static
../BM_Drivers/Src/SPI.c:365:6:MPU6500_Init	16	static
