../BM_Drivers/Src/SPI.c:12:16:MPU6500_Read_WhoAmI	16	static
../BM_Drivers/Src/SPI.c:30:6:SPI_PeriClockControl	16	static
../BM_Drivers/Src/SPI.c:45:6:SPI_PeripheralControl	16	static
../BM_Drivers/Src/SPI.c:60:6:SPI_Init	24	static
../BM_Drivers/Src/SPI.c:115:6:SPI_DeInit	16	static
../BM_Drivers/Src/SPI.c:120:9:SPI_GetFlagStatus	16	static
../BM_Drivers/Src/SPI.c:131:6:SPI_SendData	24	static
../BM_Drivers/Src/SPI.c:154:6:SPI_ReceiveData	24	static
../BM_Drivers/Src/SPI.c:181:7:SPI_SSIConfig	16	static
../BM_Drivers/Src/SPI.c:196:7:SPI_SSOEConfig	16	static
../BM_Drivers/Src/SPI.c:213:6:SPI_CloseTransmisson	16	static
../BM_Drivers/Src/SPI.c:222:6:SPI_CloseReception	16	static
../BM_Drivers/Src/SPI.c:233:6:SPI_ClearOVRFlag	24	static
../BM_Drivers/Src/SPI.c:243:6:MPU6500_WriteReg	24	static
../BM_Drivers/Src/SPI.c:254:9:MPU6500_ReadReg	24	static
../BM_Drivers/Src/SPI.c:273:6:SPI_TransferData	24	static
../BM_Drivers/Src/SPI.c:308:13:MPU6500_ReadMultiReg_SPI	24	static
../BM_Drivers/Src/SPI.c:326:7:MPU6500_Read_GyroZ_DPS	16	static
../BM_Drivers/Src/SPI.c:334:7:MPU6500_Read_AccelX_G	24	static
../BM_Drivers/Src/SPI.c:347:6:MPU6500_Init	16	static
