../Src/main.c:104:6:ms_delay	24	static,ignoring_inline_asm
../Src/main.c:112:6:init_random_seed	8	static
../Src/main.c:116:10:get_random_direction	8	static
../Src/main.c:122:10:get_current_time	24	static
../Src/main.c:129:10:get_elapsed_time	24	static
../Src/main.c:152:6:send_coordinates	32	static
../Src/main.c:189:6:calc_angle	32	static
../Src/main.c:202:6:MPU6500_Calibrate	32	static
../Src/main.c:213:5:main	16	static
../Src/main.c:284:6:EXTI4_IRQHandler	16	static
../Src/main.c:334:6:Full_RCC_Config	40	static
../Src/main.c:344:6:Full_GPIO_Config	168	static
../Src/main.c:513:6:Full_GP_TIM_Config	8	static
../Src/main.c:540:6:Full_AD_TIM_Config	8	static
../Src/main.c:552:6:Full_SPI_Config	8	static
../Src/main.c:566:6:Full_USART_Config	8	static
