../Src/main.c:95:6:ms_delay	24	static,ignoring_inline_asm
../Src/main.c:103:6:init_random_seed	8	static
../Src/main.c:107:10:get_random_direction	8	static
../Src/main.c:113:10:get_current_time	24	static
../Src/main.c:120:10:get_elapsed_time	24	static
../Src/main.c:143:6:send_coordinates	32	static
../Src/main.c:196:6:calc_angle	40	static
../Src/main.c:209:6:MPU6500_Calibrate	32	static
../Src/main.c:220:5:main	16	static
../Src/main.c:288:6:EXTI4_IRQHandler	16	static
../Src/main.c:340:6:Full_RCC_Config	40	static
../Src/main.c:350:6:Full_GPIO_Config	168	static
../Src/main.c:519:6:Full_GP_TIM_Config	8	static
../Src/main.c:546:6:Full_AD_TIM_Config	8	static
../Src/main.c:558:6:Full_SPI_Config	8	static
../Src/main.c:572:6:Full_USART_Config	8	static
