16:11:51 **** Incremental Build of configuration Debug for project BM_Playground ****
make -j16 all 
arm-none-eabi-gcc "../Src/main.c" -mcpu=cortex-m4 -std=gnu11 -g3 -DDEBUG -DNUCLEO_F401RE -DSTM32 -DSTM32F401RETx -DSTM32F4 -c -I../Inc -I"C:/Users/voine/STM32CubeIDE/DegreeWS/BM_Playground/BM_Drivers/Inc" -O0 -ffunction-sections -fdata-sections -Wall -fstack-usage -fcyclomatic-complexity -MMD -MP -MF"Src/main.d" -MT"Src/main.o" --specs=nano.specs -mfloat-abi=soft -mthumb -o "Src/main.o"
arm-none-eabi-gcc "../BM_Drivers/Src/MOVEMENT.c" -mcpu=cortex-m4 -std=gnu11 -g3 -DDEBUG -DNUCLEO_F401RE -DSTM32 -DSTM32F401RETx -DSTM32F4 -c -I../Inc -I"C:/Users/voine/STM32CubeIDE/DegreeWS/BM_Playground/BM_Drivers/Inc" -O0 -ffunction-sections -fdata-sections -Wall -fstack-usage -fcyclomatic-complexity -MMD -MP -MF"BM_Drivers/Src/MOVEMENT.d" -MT"BM_Drivers/Src/MOVEMENT.o" --specs=nano.specs -mfloat-abi=soft -mthumb -o "BM_Drivers/Src/MOVEMENT.o"
../Src/main.c: In function 'main':
../Src/main.c:59:12: warning: passing argument 1 of 'drive_FWD' from incompatible pointer type [-Wincompatible-pointer-types]
   59 |  drive_FWD(&TIM2_PWM);//activate on start only
      |            ^~~~~~~~~
      |            |
      |            GP_TIM_Handle_t *
In file included from ../Src/main.c:23:
C:/Users/voine/STM32CubeIDE/DegreeWS/BM_Playground/BM_Drivers/Inc/MOVEMENT.h:35:33: note: expected 'AD_TIM_Handle_t *' but argument is of type 'GP_TIM_Handle_t *'
   35 | void drive_FWD(AD_TIM_Handle_t *pGP_TIM_Handle);//call by reference to not copy struct in stack
      |                ~~~~~~~~~~~~~~~~~^~~~~~~~~~~~~~
../BM_Drivers/Src/MOVEMENT.c: In function 'drive_FWD':
../BM_Drivers/Src/MOVEMENT.c:45:26: warning: passing argument 1 of 'GP_TIM_PWM_Change_State' from incompatible pointer type [-Wincompatible-pointer-types]
   45 |  GP_TIM_PWM_Change_State(pGP_TIM_Handle,CH1,PWM_OUTPUT);
      |                          ^~~~~~~~~~~~~~
      |                          |
      |                          AD_TIM_Handle_t *
In file included from C:/Users/voine/STM32CubeIDE/DegreeWS/BM_Playground/BM_Drivers/Inc/MOVEMENT.h:13,
                 from ../BM_Drivers/Src/MOVEMENT.c:9:
C:/Users/voine/STM32CubeIDE/DegreeWS/BM_Playground/BM_Drivers/Inc/F401RE_TIMER.h:87:47: note: expected 'GP_TIM_Handle_t *' but argument is of type 'AD_TIM_Handle_t *'
   87 | void GP_TIM_PWM_Change_State(GP_TIM_Handle_t *pTIM_Handle, uint8_t Channel, uint8_t State);
      |                              ~~~~~~~~~~~~~~~~~^~~~~~~~~~~
../BM_Drivers/Src/MOVEMENT.c:46:26: warning: passing argument 1 of 'GP_TIM_PWM_Change_State' from incompatible pointer type [-Wincompatible-pointer-types]
   46 |  GP_TIM_PWM_Change_State(pGP_TIM_Handle,CH3,PWM_OUTPUT);
      |                          ^~~~~~~~~~~~~~
      |                          |
      |                          AD_TIM_Handle_t *
In file included from C:/Users/voine/STM32CubeIDE/DegreeWS/BM_Playground/BM_Drivers/Inc/MOVEMENT.h:13,
                 from ../BM_Drivers/Src/MOVEMENT.c:9:
C:/Users/voine/STM32CubeIDE/DegreeWS/BM_Playground/BM_Drivers/Inc/F401RE_TIMER.h:87:47: note: expected 'GP_TIM_Handle_t *' but argument is of type 'AD_TIM_Handle_t *'
   87 | void GP_TIM_PWM_Change_State(GP_TIM_Handle_t *pTIM_Handle, uint8_t Channel, uint8_t State);
      |                              ~~~~~~~~~~~~~~~~~^~~~~~~~~~~
../BM_Drivers/Src/MOVEMENT.c:47:26: warning: passing argument 1 of 'GP_TIM_PWM_Change_State' from incompatible pointer type [-Wincompatible-pointer-types]
   47 |  GP_TIM_PWM_Change_State(pGP_TIM_Handle,CH2,GND);
      |                          ^~~~~~~~~~~~~~
      |                          |
      |                          AD_TIM_Handle_t *
In file included from C:/Users/voine/STM32CubeIDE/DegreeWS/BM_Playground/BM_Drivers/Inc/MOVEMENT.h:13,
                 from ../BM_Drivers/Src/MOVEMENT.c:9:
C:/Users/voine/STM32CubeIDE/DegreeWS/BM_Playground/BM_Drivers/Inc/F401RE_TIMER.h:87:47: note: expected 'GP_TIM_Handle_t *' but argument is of type 'AD_TIM_Handle_t *'
   87 | void GP_TIM_PWM_Change_State(GP_TIM_Handle_t *pTIM_Handle, uint8_t Channel, uint8_t State);
      |                              ~~~~~~~~~~~~~~~~~^~~~~~~~~~~
../BM_Drivers/Src/MOVEMENT.c:48:26: warning: passing argument 1 of 'GP_TIM_PWM_Change_State' from incompatible pointer type [-Wincompatible-pointer-types]
   48 |  GP_TIM_PWM_Change_State(pGP_TIM_Handle,CH4,GND);
      |                          ^~~~~~~~~~~~~~
      |                          |
      |                          AD_TIM_Handle_t *
In file included from C:/Users/voine/STM32CubeIDE/DegreeWS/BM_Playground/BM_Drivers/Inc/MOVEMENT.h:13,
                 from ../BM_Drivers/Src/MOVEMENT.c:9:
C:/Users/voine/STM32CubeIDE/DegreeWS/BM_Playground/BM_Drivers/Inc/F401RE_TIMER.h:87:47: note: expected 'GP_TIM_Handle_t *' but argument is of type 'AD_TIM_Handle_t *'
   87 | void GP_TIM_PWM_Change_State(GP_TIM_Handle_t *pTIM_Handle, uint8_t Channel, uint8_t State);
      |                              ~~~~~~~~~~~~~~~~~^~~~~~~~~~~
../BM_Drivers/Src/MOVEMENT.c: In function 'turn_RGT':
../BM_Drivers/Src/MOVEMENT.c:55:26: warning: passing argument 1 of 'GP_TIM_PWM_Change_State' from incompatible pointer type [-Wincompatible-pointer-types]
   55 |  GP_TIM_PWM_Change_State(pGP_TIM_Handle,CH1,PWM_OUTPUT);
      |                          ^~~~~~~~~~~~~~
      |                          |
      |                          AD_TIM_Handle_t *
In file included from C:/Users/voine/STM32CubeIDE/DegreeWS/BM_Playground/BM_Drivers/Inc/MOVEMENT.h:13,
                 from ../BM_Drivers/Src/MOVEMENT.c:9:
C:/Users/voine/STM32CubeIDE/DegreeWS/BM_Playground/BM_Drivers/Inc/F401RE_TIMER.h:87:47: note: expected 'GP_TIM_Handle_t *' but argument is of type 'AD_TIM_Handle_t *'
   87 | void GP_TIM_PWM_Change_State(GP_TIM_Handle_t *pTIM_Handle, uint8_t Channel, uint8_t State);
      |                              ~~~~~~~~~~~~~~~~~^~~~~~~~~~~
../BM_Drivers/Src/MOVEMENT.c:56:26: warning: passing argument 1 of 'GP_TIM_PWM_Change_State' from incompatible pointer type [-Wincompatible-pointer-types]
   56 |  GP_TIM_PWM_Change_State(pGP_TIM_Handle,CH3,GND);
      |                          ^~~~~~~~~~~~~~
      |                          |
      |                          AD_TIM_Handle_t *
In file included from C:/Users/voine/STM32CubeIDE/DegreeWS/BM_Playground/BM_Drivers/Inc/MOVEMENT.h:13,
                 from ../BM_Drivers/Src/MOVEMENT.c:9:
C:/Users/voine/STM32CubeIDE/DegreeWS/BM_Playground/BM_Drivers/Inc/F401RE_TIMER.h:87:47: note: expected 'GP_TIM_Handle_t *' but argument is of type 'AD_TIM_Handle_t *'
   87 | void GP_TIM_PWM_Change_State(GP_TIM_Handle_t *pTIM_Handle, uint8_t Channel, uint8_t State);
      |                              ~~~~~~~~~~~~~~~~~^~~~~~~~~~~
../BM_Drivers/Src/MOVEMENT.c:57:26: warning: passing argument 1 of 'GP_TIM_PWM_Change_State' from incompatible pointer type [-Wincompatible-pointer-types]
   57 |  GP_TIM_PWM_Change_State(pGP_TIM_Handle,CH2,GND);
      |                          ^~~~~~~~~~~~~~
      |                          |
      |                          AD_TIM_Handle_t *
In file included from C:/Users/voine/STM32CubeIDE/DegreeWS/BM_Playground/BM_Drivers/Inc/MOVEMENT.h:13,
                 from ../BM_Drivers/Src/MOVEMENT.c:9:
C:/Users/voine/STM32CubeIDE/DegreeWS/BM_Playground/BM_Drivers/Inc/F401RE_TIMER.h:87:47: note: expected 'GP_TIM_Handle_t *' but argument is of type 'AD_TIM_Handle_t *'
   87 | void GP_TIM_PWM_Change_State(GP_TIM_Handle_t *pTIM_Handle, uint8_t Channel, uint8_t State);
      |                              ~~~~~~~~~~~~~~~~~^~~~~~~~~~~
../BM_Drivers/Src/MOVEMENT.c:58:26: warning: passing argument 1 of 'GP_TIM_PWM_Change_State' from incompatible pointer type [-Wincompatible-pointer-types]
   58 |  GP_TIM_PWM_Change_State(pGP_TIM_Handle,CH4,PWM_OUTPUT);
      |                          ^~~~~~~~~~~~~~
      |                          |
      |                          AD_TIM_Handle_t *
In file included from C:/Users/voine/STM32CubeIDE/DegreeWS/BM_Playground/BM_Drivers/Inc/MOVEMENT.h:13,
                 from ../BM_Drivers/Src/MOVEMENT.c:9:
C:/Users/voine/STM32CubeIDE/DegreeWS/BM_Playground/BM_Drivers/Inc/F401RE_TIMER.h:87:47: note: expected 'GP_TIM_Handle_t *' but argument is of type 'AD_TIM_Handle_t *'
   87 | void GP_TIM_PWM_Change_State(GP_TIM_Handle_t *pTIM_Handle, uint8_t Channel, uint8_t State);
      |                              ~~~~~~~~~~~~~~~~~^~~~~~~~~~~
../BM_Drivers/Src/MOVEMENT.c: In function 'turn_LFT':
../BM_Drivers/Src/MOVEMENT.c:65:26: warning: passing argument 1 of 'GP_TIM_PWM_Change_State' from incompatible pointer type [-Wincompatible-pointer-types]
   65 |  GP_TIM_PWM_Change_State(pGP_TIM_Handle,CH1,GND);
      |                          ^~~~~~~~~~~~~~
      |                          |
      |                          AD_TIM_Handle_t *
In file included from C:/Users/voine/STM32CubeIDE/DegreeWS/BM_Playground/BM_Drivers/Inc/MOVEMENT.h:13,
                 from ../BM_Drivers/Src/MOVEMENT.c:9:
C:/Users/voine/STM32CubeIDE/DegreeWS/BM_Playground/BM_Drivers/Inc/F401RE_TIMER.h:87:47: note: expected 'GP_TIM_Handle_t *' but argument is of type 'AD_TIM_Handle_t *'
   87 | void GP_TIM_PWM_Change_State(GP_TIM_Handle_t *pTIM_Handle, uint8_t Channel, uint8_t State);
      |                              ~~~~~~~~~~~~~~~~~^~~~~~~~~~~
../BM_Drivers/Src/MOVEMENT.c:66:26: warning: passing argument 1 of 'GP_TIM_PWM_Change_State' from incompatible pointer type [-Wincompatible-pointer-types]
   66 |  GP_TIM_PWM_Change_State(pGP_TIM_Handle,CH3,PWM_OUTPUT);
      |                          ^~~~~~~~~~~~~~
      |                          |
      |                          AD_TIM_Handle_t *
In file included from C:/Users/voine/STM32CubeIDE/DegreeWS/BM_Playground/BM_Drivers/Inc/MOVEMENT.h:13,
                 from ../BM_Drivers/Src/MOVEMENT.c:9:
C:/Users/voine/STM32CubeIDE/DegreeWS/BM_Playground/BM_Drivers/Inc/F401RE_TIMER.h:87:47: note: expected 'GP_TIM_Handle_t *' but argument is of type 'AD_TIM_Handle_t *'
   87 | void GP_TIM_PWM_Change_State(GP_TIM_Handle_t *pTIM_Handle, uint8_t Channel, uint8_t State);
      |                              ~~~~~~~~~~~~~~~~~^~~~~~~~~~~
../BM_Drivers/Src/MOVEMENT.c:67:26: warning: passing argument 1 of 'GP_TIM_PWM_Change_State' from incompatible pointer type [-Wincompatible-pointer-types]
   67 |  GP_TIM_PWM_Change_State(pGP_TIM_Handle,CH2,PWM_OUTPUT);
      |                          ^~~~~~~~~~~~~~
      |                          |
      |                          AD_TIM_Handle_t *
In file included from C:/Users/voine/STM32CubeIDE/DegreeWS/BM_Playground/BM_Drivers/Inc/MOVEMENT.h:13,
                 from ../BM_Drivers/Src/MOVEMENT.c:9:
C:/Users/voine/STM32CubeIDE/DegreeWS/BM_Playground/BM_Drivers/Inc/F401RE_TIMER.h:87:47: note: expected 'GP_TIM_Handle_t *' but argument is of type 'AD_TIM_Handle_t *'
   87 | void GP_TIM_PWM_Change_State(GP_TIM_Handle_t *pTIM_Handle, uint8_t Channel, uint8_t State);
      |                              ~~~~~~~~~~~~~~~~~^~~~~~~~~~~
../BM_Drivers/Src/MOVEMENT.c:68:26: warning: passing argument 1 of 'GP_TIM_PWM_Change_State' from incompatible pointer type [-Wincompatible-pointer-types]
   68 |  GP_TIM_PWM_Change_State(pGP_TIM_Handle,CH4,GND);
      |                          ^~~~~~~~~~~~~~
      |                          |
      |                          AD_TIM_Handle_t *
In file included from C:/Users/voine/STM32CubeIDE/DegreeWS/BM_Playground/BM_Drivers/Inc/MOVEMENT.h:13,
                 from ../BM_Drivers/Src/MOVEMENT.c:9:
C:/Users/voine/STM32CubeIDE/DegreeWS/BM_Playground/BM_Drivers/Inc/F401RE_TIMER.h:87:47: note: expected 'GP_TIM_Handle_t *' but argument is of type 'AD_TIM_Handle_t *'
   87 | void GP_TIM_PWM_Change_State(GP_TIM_Handle_t *pTIM_Handle, uint8_t Channel, uint8_t State);
      |                              ~~~~~~~~~~~~~~~~~^~~~~~~~~~~
arm-none-eabi-gcc -o "BM_Playground.elf" @"objects.list"   -mcpu=cortex-m4 -T"C:\Users\voine\STM32CubeIDE\DegreeWS\BM_Playground\STM32F401RETX_FLASH.ld" --specs=nosys.specs -Wl,-Map="BM_Playground.map" -Wl,--gc-sections -static --specs=nano.specs -mfloat-abi=soft -mthumb -Wl,--start-group -lc -lm -Wl,--end-group
Finished building target: BM_Playground.elf
 
arm-none-eabi-size   BM_Playground.elf 
arm-none-eabi-objdump -h -S  BM_Playground.elf  > "BM_Playground.list"
   text	   data	    bss	    dec	    hex	filename
   3872	      8	   1568	   5448	   1548	BM_Playground.elf
Finished building: default.size.stdout
 
Finished building: BM_Playground.list
 
20:08:11 **** Clean-only build of configuration Debug for project BM_Playground ****
make -j16 clean 
rm -rf ./Startup/startup_stm32f401retx.d ./Startup/startup_stm32f401retx.o
rm -rf ./Src/main.cyclo ./Src/main.d ./Src/main.o ./Src/main.su ./Src/syscalls.cyclo ./Src/syscalls.d ./Src/syscalls.o ./Src/syscalls.su ./Src/sysmem.cyclo ./Src/sysmem.d ./Src/sysmem.o ./Src/sysmem.su
rm -rf ./BM_Drivers/Src/F401RE_GPIO.cyclo ./BM_Drivers/Src/F401RE_GPIO.d ./BM_Drivers/Src/F401RE_GPIO.o ./BM_Drivers/Src/F401RE_GPIO.su ./BM_Drivers/Src/F401RE_RCC.cyclo ./BM_Drivers/Src/F401RE_RCC.d ./BM_Drivers/Src/F401RE_RCC.o ./BM_Drivers/Src/F401RE_RCC.su ./BM_Drivers/Src/F401RE_TIMER.cyclo ./BM_Drivers/Src/F401RE_TIMER.d ./BM_Drivers/Src/F401RE_TIMER.o ./BM_Drivers/Src/F401RE_TIMER.su ./BM_Drivers/Src/MOVEMENT.cyclo ./BM_Drivers/Src/MOVEMENT.d ./BM_Drivers/Src/MOVEMENT.o ./BM_Drivers/Src/MOVEMENT.su
rm -rf BM_Playground.elf BM_Playground.list BM_Playground.map default.size.stdout
 
20:08:12 **** Incremental Build of configuration Debug for project BM_Playground ****
make -j16 all 
arm-none-eabi-gcc -mcpu=cortex-m4 -g3 -DDEBUG -c -I"C:/Users/voine/STM32CubeIDE/DegreeWS/BM_Playground/BM_Drivers/Inc" -x assembler-with-cpp -MMD -MP -MF"Startup/startup_stm32f401retx.d" -MT"Startup/startup_stm32f401retx.o" --specs=nano.specs -mfloat-abi=soft -mthumb -o "Startup/startup_stm32f401retx.o" "../Startup/startup_stm32f401retx.s"
arm-none-eabi-gcc "../Src/main.c" -mcpu=cortex-m4 -std=gnu11 -g3 -DDEBUG -DNUCLEO_F401RE -DSTM32 -DSTM32F401RETx -DSTM32F4 -c -I../Inc -I"C:/Users/voine/STM32CubeIDE/DegreeWS/BM_Playground/BM_Drivers/Inc" -O0 -ffunction-sections -fdata-sections -Wall -fstack-usage -fcyclomatic-complexity -MMD -MP -MF"Src/main.d" -MT"Src/main.o" --specs=nano.specs -mfloat-abi=soft -mthumb -o "Src/main.o"
arm-none-eabi-gcc "../Src/syscalls.c" -mcpu=cortex-m4 -std=gnu11 -g3 -DDEBUG -DNUCLEO_F401RE -DSTM32 -DSTM32F401RETx -DSTM32F4 -c -I../Inc -I"C:/Users/voine/STM32CubeIDE/DegreeWS/BM_Playground/BM_Drivers/Inc" -O0 -ffunction-sections -fdata-sections -Wall -fstack-usage -fcyclomatic-complexity -MMD -MP -MF"Src/syscalls.d" -MT"Src/syscalls.o" --specs=nano.specs -mfloat-abi=soft -mthumb -o "Src/syscalls.o"
arm-none-eabi-gcc "../Src/sysmem.c" -mcpu=cortex-m4 -std=gnu11 -g3 -DDEBUG -DNUCLEO_F401RE -DSTM32 -DSTM32F401RETx -DSTM32F4 -c -I../Inc -I"C:/Users/voine/STM32CubeIDE/DegreeWS/BM_Playground/BM_Drivers/Inc" -O0 -ffunction-sections -fdata-sections -Wall -fstack-usage -fcyclomatic-complexity -MMD -MP -MF"Src/sysmem.d" -MT"Src/sysmem.o" --specs=nano.specs -mfloat-abi=soft -mthumb -o "Src/sysmem.o"
arm-none-eabi-gcc "../BM_Drivers/Src/F401RE_GPIO.c" -mcpu=cortex-m4 -std=gnu11 -g3 -DDEBUG -DNUCLEO_F401RE -DSTM32 -DSTM32F401RETx -DSTM32F4 -c -I../Inc -I"C:/Users/voine/STM32CubeIDE/DegreeWS/BM_Playground/BM_Drivers/Inc" -O0 -ffunction-sections -fdata-sections -Wall -fstack-usage -fcyclomatic-complexity -MMD -MP -MF"BM_Drivers/Src/F401RE_GPIO.d" -MT"BM_Drivers/Src/F401RE_GPIO.o" --specs=nano.specs -mfloat-abi=soft -mthumb -o "BM_Drivers/Src/F401RE_GPIO.o"
arm-none-eabi-gcc "../BM_Drivers/Src/F401RE_RCC.c" -mcpu=cortex-m4 -std=gnu11 -g3 -DDEBUG -DNUCLEO_F401RE -DSTM32 -DSTM32F401RETx -DSTM32F4 -c -I../Inc -I"C:/Users/voine/STM32CubeIDE/DegreeWS/BM_Playground/BM_Drivers/Inc" -O0 -ffunction-sections -fdata-sections -Wall -fstack-usage -fcyclomatic-complexity -MMD -MP -MF"BM_Drivers/Src/F401RE_RCC.d" -MT"BM_Drivers/Src/F401RE_RCC.o" --specs=nano.specs -mfloat-abi=soft -mthumb -o "BM_Drivers/Src/F401RE_RCC.o"
arm-none-eabi-gcc "../BM_Drivers/Src/F401RE_TIMER.c" -mcpu=cortex-m4 -std=gnu11 -g3 -DDEBUG -DNUCLEO_F401RE -DSTM32 -DSTM32F401RETx -DSTM32F4 -c -I../Inc -I"C:/Users/voine/STM32CubeIDE/DegreeWS/BM_Playground/BM_Drivers/Inc" -O0 -ffunction-sections -fdata-sections -Wall -fstack-usage -fcyclomatic-complexity -MMD -MP -MF"BM_Drivers/Src/F401RE_TIMER.d" -MT"BM_Drivers/Src/F401RE_TIMER.o" --specs=nano.specs -mfloat-abi=soft -mthumb -o "BM_Drivers/Src/F401RE_TIMER.o"
arm-none-eabi-gcc "../BM_Drivers/Src/MOVEMENT.c" -mcpu=cortex-m4 -std=gnu11 -g3 -DDEBUG -DNUCLEO_F401RE -DSTM32 -DSTM32F401RETx -DSTM32F4 -c -I../Inc -I"C:/Users/voine/STM32CubeIDE/DegreeWS/BM_Playground/BM_Drivers/Inc" -O0 -ffunction-sections -fdata-sections -Wall -fstack-usage -fcyclomatic-complexity -MMD -MP -MF"BM_Drivers/Src/MOVEMENT.d" -MT"BM_Drivers/Src/MOVEMENT.o" --specs=nano.specs -mfloat-abi=soft -mthumb -o "BM_Drivers/Src/MOVEMENT.o"
../Src/main.c: In function 'main':
../Src/main.c:59:12: warning: passing argument 1 of 'drive_FWD' from incompatible pointer type [-Wincompatible-pointer-types]
   59 |  drive_FWD(&TIM2_PWM);//activate on start only
      |            ^~~~~~~~~
      |            |
      |            GP_TIM_Handle_t *
../BM_Drivers/Src/MOVEMENT.c: In function 'drive_FWD':
In file included from ../Src/main.c:23:
C:/Users/voine/STM32CubeIDE/DegreeWS/BM_Playground/BM_Drivers/Inc/MOVEMENT.h:35:33: note: expected 'AD_TIM_Handle_t *' but argument is of type 'GP_TIM_Handle_t *'
   35 | void drive_FWD(AD_TIM_Handle_t *pGP_TIM_Handle);//call by reference to not copy struct in stack
      |                ~~~~~~~~~~~~~~~~~^~~~~~~~~~~~~~
../BM_Drivers/Src/MOVEMENT.c:45:26: warning: passing argument 1 of 'GP_TIM_PWM_Change_State' from incompatible pointer type [-Wincompatible-pointer-types]
   45 |  GP_TIM_PWM_Change_State(pGP_TIM_Handle,CH1,PWM_OUTPUT);
      |                          ^~~~~~~~~~~~~~
      |                          |
      |                          AD_TIM_Handle_t *
In file included from C:/Users/voine/STM32CubeIDE/DegreeWS/BM_Playground/BM_Drivers/Inc/MOVEMENT.h:13,
                 from ../BM_Drivers/Src/MOVEMENT.c:9:
C:/Users/voine/STM32CubeIDE/DegreeWS/BM_Playground/BM_Drivers/Inc/F401RE_TIMER.h:87:47: note: expected 'GP_TIM_Handle_t *' but argument is of type 'AD_TIM_Handle_t *'
   87 | void GP_TIM_PWM_Change_State(GP_TIM_Handle_t *pTIM_Handle, uint8_t Channel, uint8_t State);
      |                              ~~~~~~~~~~~~~~~~~^~~~~~~~~~~
../BM_Drivers/Src/MOVEMENT.c:46:26: warning: passing argument 1 of 'GP_TIM_PWM_Change_State' from incompatible pointer type [-Wincompatible-pointer-types]
   46 |  GP_TIM_PWM_Change_State(pGP_TIM_Handle,CH3,PWM_OUTPUT);
      |                          ^~~~~~~~~~~~~~
      |                          |
      |                          AD_TIM_Handle_t *
In file included from C:/Users/voine/STM32CubeIDE/DegreeWS/BM_Playground/BM_Drivers/Inc/MOVEMENT.h:13,
                 from ../BM_Drivers/Src/MOVEMENT.c:9:
C:/Users/voine/STM32CubeIDE/DegreeWS/BM_Playground/BM_Drivers/Inc/F401RE_TIMER.h:87:47: note: expected 'GP_TIM_Handle_t *' but argument is of type 'AD_TIM_Handle_t *'
   87 | void GP_TIM_PWM_Change_State(GP_TIM_Handle_t *pTIM_Handle, uint8_t Channel, uint8_t State);
      |                              ~~~~~~~~~~~~~~~~~^~~~~~~~~~~
../BM_Drivers/Src/MOVEMENT.c:47:26: warning: passing argument 1 of 'GP_TIM_PWM_Change_State' from incompatible pointer type [-Wincompatible-pointer-types]
   47 |  GP_TIM_PWM_Change_State(pGP_TIM_Handle,CH2,GND);
      |                          ^~~~~~~~~~~~~~
      |                          |
      |                          AD_TIM_Handle_t *
In file included from C:/Users/voine/STM32CubeIDE/DegreeWS/BM_Playground/BM_Drivers/Inc/MOVEMENT.h:13,
                 from ../BM_Drivers/Src/MOVEMENT.c:9:
C:/Users/voine/STM32CubeIDE/DegreeWS/BM_Playground/BM_Drivers/Inc/F401RE_TIMER.h:87:47: note: expected 'GP_TIM_Handle_t *' but argument is of type 'AD_TIM_Handle_t *'
   87 | void GP_TIM_PWM_Change_State(GP_TIM_Handle_t *pTIM_Handle, uint8_t Channel, uint8_t State);
      |                              ~~~~~~~~~~~~~~~~~^~~~~~~~~~~
../BM_Drivers/Src/MOVEMENT.c:48:26: warning: passing argument 1 of 'GP_TIM_PWM_Change_State' from incompatible pointer type [-Wincompatible-pointer-types]
   48 |  GP_TIM_PWM_Change_State(pGP_TIM_Handle,CH4,GND);
      |                          ^~~~~~~~~~~~~~
      |                          |
      |                          AD_TIM_Handle_t *
In file included from C:/Users/voine/STM32CubeIDE/DegreeWS/BM_Playground/BM_Drivers/Inc/MOVEMENT.h:13,
                 from ../BM_Drivers/Src/MOVEMENT.c:9:
C:/Users/voine/STM32CubeIDE/DegreeWS/BM_Playground/BM_Drivers/Inc/F401RE_TIMER.h:87:47: note: expected 'GP_TIM_Handle_t *' but argument is of type 'AD_TIM_Handle_t *'
   87 | void GP_TIM_PWM_Change_State(GP_TIM_Handle_t *pTIM_Handle, uint8_t Channel, uint8_t State);
      |                              ~~~~~~~~~~~~~~~~~^~~~~~~~~~~
../BM_Drivers/Src/MOVEMENT.c: In function 'turn_RGT':
../BM_Drivers/Src/MOVEMENT.c:55:26: warning: passing argument 1 of 'GP_TIM_PWM_Change_State' from incompatible pointer type [-Wincompatible-pointer-types]
   55 |  GP_TIM_PWM_Change_State(pGP_TIM_Handle,CH1,PWM_OUTPUT);
      |                          ^~~~~~~~~~~~~~
      |                          |
      |                          AD_TIM_Handle_t *
In file included from C:/Users/voine/STM32CubeIDE/DegreeWS/BM_Playground/BM_Drivers/Inc/MOVEMENT.h:13,
                 from ../BM_Drivers/Src/MOVEMENT.c:9:
C:/Users/voine/STM32CubeIDE/DegreeWS/BM_Playground/BM_Drivers/Inc/F401RE_TIMER.h:87:47: note: expected 'GP_TIM_Handle_t *' but argument is of type 'AD_TIM_Handle_t *'
   87 | void GP_TIM_PWM_Change_State(GP_TIM_Handle_t *pTIM_Handle, uint8_t Channel, uint8_t State);
      |                              ~~~~~~~~~~~~~~~~~^~~~~~~~~~~
../BM_Drivers/Src/MOVEMENT.c:56:26: warning: passing argument 1 of 'GP_TIM_PWM_Change_State' from incompatible pointer type [-Wincompatible-pointer-types]
   56 |  GP_TIM_PWM_Change_State(pGP_TIM_Handle,CH3,GND);
      |                          ^~~~~~~~~~~~~~
      |                          |
      |                          AD_TIM_Handle_t *
In file included from C:/Users/voine/STM32CubeIDE/DegreeWS/BM_Playground/BM_Drivers/Inc/MOVEMENT.h:13,
                 from ../BM_Drivers/Src/MOVEMENT.c:9:
C:/Users/voine/STM32CubeIDE/DegreeWS/BM_Playground/BM_Drivers/Inc/F401RE_TIMER.h:87:47: note: expected 'GP_TIM_Handle_t *' but argument is of type 'AD_TIM_Handle_t *'
   87 | void GP_TIM_PWM_Change_State(GP_TIM_Handle_t *pTIM_Handle, uint8_t Channel, uint8_t State);
      |                              ~~~~~~~~~~~~~~~~~^~~~~~~~~~~
../BM_Drivers/Src/MOVEMENT.c:57:26: warning: passing argument 1 of 'GP_TIM_PWM_Change_State' from incompatible pointer type [-Wincompatible-pointer-types]
   57 |  GP_TIM_PWM_Change_State(pGP_TIM_Handle,CH2,GND);
      |                          ^~~~~~~~~~~~~~
      |                          |
      |                          AD_TIM_Handle_t *
In file included from C:/Users/voine/STM32CubeIDE/DegreeWS/BM_Playground/BM_Drivers/Inc/MOVEMENT.h:13,
                 from ../BM_Drivers/Src/MOVEMENT.c:9:
C:/Users/voine/STM32CubeIDE/DegreeWS/BM_Playground/BM_Drivers/Inc/F401RE_TIMER.h:87:47: note: expected 'GP_TIM_Handle_t *' but argument is of type 'AD_TIM_Handle_t *'
   87 | void GP_TIM_PWM_Change_State(GP_TIM_Handle_t *pTIM_Handle, uint8_t Channel, uint8_t State);
      |                              ~~~~~~~~~~~~~~~~~^~~~~~~~~~~
../BM_Drivers/Src/MOVEMENT.c:58:26: warning: passing argument 1 of 'GP_TIM_PWM_Change_State' from incompatible pointer type [-Wincompatible-pointer-types]
   58 |  GP_TIM_PWM_Change_State(pGP_TIM_Handle,CH4,PWM_OUTPUT);
      |                          ^~~~~~~~~~~~~~
      |                          |
      |                          AD_TIM_Handle_t *
In file included from C:/Users/voine/STM32CubeIDE/DegreeWS/BM_Playground/BM_Drivers/Inc/MOVEMENT.h:13,
                 from ../BM_Drivers/Src/MOVEMENT.c:9:
C:/Users/voine/STM32CubeIDE/DegreeWS/BM_Playground/BM_Drivers/Inc/F401RE_TIMER.h:87:47: note: expected 'GP_TIM_Handle_t *' but argument is of type 'AD_TIM_Handle_t *'
   87 | void GP_TIM_PWM_Change_State(GP_TIM_Handle_t *pTIM_Handle, uint8_t Channel, uint8_t State);
      |                              ~~~~~~~~~~~~~~~~~^~~~~~~~~~~
../BM_Drivers/Src/MOVEMENT.c: In function 'turn_LFT':
../BM_Drivers/Src/MOVEMENT.c:65:26: warning: passing argument 1 of 'GP_TIM_PWM_Change_State' from incompatible pointer type [-Wincompatible-pointer-types]
   65 |  GP_TIM_PWM_Change_State(pGP_TIM_Handle,CH1,GND);
      |                          ^~~~~~~~~~~~~~
      |                          |
      |                          AD_TIM_Handle_t *
In file included from C:/Users/voine/STM32CubeIDE/DegreeWS/BM_Playground/BM_Drivers/Inc/MOVEMENT.h:13,
                 from ../BM_Drivers/Src/MOVEMENT.c:9:
C:/Users/voine/STM32CubeIDE/DegreeWS/BM_Playground/BM_Drivers/Inc/F401RE_TIMER.h:87:47: note: expected 'GP_TIM_Handle_t *' but argument is of type 'AD_TIM_Handle_t *'
   87 | void GP_TIM_PWM_Change_State(GP_TIM_Handle_t *pTIM_Handle, uint8_t Channel, uint8_t State);
      |                              ~~~~~~~~~~~~~~~~~^~~~~~~~~~~
../BM_Drivers/Src/MOVEMENT.c:66:26: warning: passing argument 1 of 'GP_TIM_PWM_Change_State' from incompatible pointer type [-Wincompatible-pointer-types]
   66 |  GP_TIM_PWM_Change_State(pGP_TIM_Handle,CH3,PWM_OUTPUT);
      |                          ^~~~~~~~~~~~~~
      |                          |
      |                          AD_TIM_Handle_t *
In file included from C:/Users/voine/STM32CubeIDE/DegreeWS/BM_Playground/BM_Drivers/Inc/MOVEMENT.h:13,
                 from ../BM_Drivers/Src/MOVEMENT.c:9:
C:/Users/voine/STM32CubeIDE/DegreeWS/BM_Playground/BM_Drivers/Inc/F401RE_TIMER.h:87:47: note: expected 'GP_TIM_Handle_t *' but argument is of type 'AD_TIM_Handle_t *'
   87 | void GP_TIM_PWM_Change_State(GP_TIM_Handle_t *pTIM_Handle, uint8_t Channel, uint8_t State);
      |                              ~~~~~~~~~~~~~~~~~^~~~~~~~~~~
../BM_Drivers/Src/MOVEMENT.c:67:26: warning: passing argument 1 of 'GP_TIM_PWM_Change_State' from incompatible pointer type [-Wincompatible-pointer-types]
   67 |  GP_TIM_PWM_Change_State(pGP_TIM_Handle,CH2,PWM_OUTPUT);
      |                          ^~~~~~~~~~~~~~
      |                          |
      |                          AD_TIM_Handle_t *
In file included from C:/Users/voine/STM32CubeIDE/DegreeWS/BM_Playground/BM_Drivers/Inc/MOVEMENT.h:13,
                 from ../BM_Drivers/Src/MOVEMENT.c:9:
C:/Users/voine/STM32CubeIDE/DegreeWS/BM_Playground/BM_Drivers/Inc/F401RE_TIMER.h:87:47: note: expected 'GP_TIM_Handle_t *' but argument is of type 'AD_TIM_Handle_t *'
   87 | void GP_TIM_PWM_Change_State(GP_TIM_Handle_t *pTIM_Handle, uint8_t Channel, uint8_t State);
      |                              ~~~~~~~~~~~~~~~~~^~~~~~~~~~~
../BM_Drivers/Src/MOVEMENT.c:68:26: warning: passing argument 1 of 'GP_TIM_PWM_Change_State' from incompatible pointer type [-Wincompatible-pointer-types]
   68 |  GP_TIM_PWM_Change_State(pGP_TIM_Handle,CH4,GND);
      |                          ^~~~~~~~~~~~~~
      |                          |
      |                          AD_TIM_Handle_t *
In file included from C:/Users/voine/STM32CubeIDE/DegreeWS/BM_Playground/BM_Drivers/Inc/MOVEMENT.h:13,
                 from ../BM_Drivers/Src/MOVEMENT.c:9:
C:/Users/voine/STM32CubeIDE/DegreeWS/BM_Playground/BM_Drivers/Inc/F401RE_TIMER.h:87:47: note: expected 'GP_TIM_Handle_t *' but argument is of type 'AD_TIM_Handle_t *'
   87 | void GP_TIM_PWM_Change_State(GP_TIM_Handle_t *pTIM_Handle, uint8_t Channel, uint8_t State);
      |                              ~~~~~~~~~~~~~~~~~^~~~~~~~~~~
arm-none-eabi-gcc -o "BM_Playground.elf" @"objects.list"   -mcpu=cortex-m4 -T"C:\Users\voine\STM32CubeIDE\DegreeWS\BM_Playground\STM32F401RETX_FLASH.ld" --specs=nosys.specs -Wl,-Map="BM_Playground.map" -Wl,--gc-sections -static --specs=nano.specs -mfloat-abi=soft -mthumb -Wl,--start-group -lc -lm -Wl,--end-group
Finished building target: BM_Playground.elf
 
arm-none-eabi-size   BM_Playground.elf 
arm-none-eabi-objdump -h -S  BM_Playground.elf  > "BM_Playground.list"
   text	   data	    bss	    dec	    hex	filename
   3872	      8	   1568	   5448	   1548	BM_Playground.elf
Finished building: default.size.stdout
 
Finished building: BM_Playground.list
 
